Archive member included to satisfy reference by file (symbol)

/opt/devkitpro/libgba/lib/libgba.a(interrupt.o)
                              main.o (irqInit)
/opt/devkitpro/libgba/lib/libgba.a(InterruptDispatcher.o)
                              /opt/devkitpro/libgba/lib/libgba.a(interrupt.o) (IntrMain)
/opt/devkitpro/devkitARM/lib/gcc/arm-none-eabi/9.1.0/../../../../arm-none-eabi/lib/libg.a(lib_a-init.o)
                              /opt/devkitpro/devkitARM/lib/gcc/arm-none-eabi/9.1.0/../../../../arm-none-eabi/lib/gba_crt0.o (__libc_init_array)
/opt/devkitpro/devkitARM/lib/gcc/arm-none-eabi/9.1.0/../../../../arm-none-eabi/lib/libg.a(lib_a-memset.o)
                              main.o (memset)
/opt/devkitpro/devkitARM/lib/gcc/arm-none-eabi/9.1.0/../../../../arm-none-eabi/lib/libg.a(lib_a-printf.o)
                              main.o (printf)
/opt/devkitpro/devkitARM/lib/gcc/arm-none-eabi/9.1.0/../../../../arm-none-eabi/lib/libg.a(lib_a-vfprintf.o)
                              /opt/devkitpro/devkitARM/lib/gcc/arm-none-eabi/9.1.0/../../../../arm-none-eabi/lib/libg.a(lib_a-printf.o) (_vfprintf_r)
/opt/devkitpro/devkitARM/lib/gcc/arm-none-eabi/9.1.0/../../../../arm-none-eabi/lib/libg.a(lib_a-wcrtomb.o)
                              /opt/devkitpro/devkitARM/lib/gcc/arm-none-eabi/9.1.0/../../../../arm-none-eabi/lib/libg.a(lib_a-vfprintf.o) (_wcrtomb_r)
/opt/devkitpro/devkitARM/lib/gcc/arm-none-eabi/9.1.0/../../../../arm-none-eabi/lib/libg.a(lib_a-wcsrtombs.o)
                              /opt/devkitpro/devkitARM/lib/gcc/arm-none-eabi/9.1.0/../../../../arm-none-eabi/lib/libg.a(lib_a-vfprintf.o) (_wcsrtombs_r)
/opt/devkitpro/devkitARM/lib/gcc/arm-none-eabi/9.1.0/../../../../arm-none-eabi/lib/libg.a(lib_a-wsetup.o)
                              /opt/devkitpro/devkitARM/lib/gcc/arm-none-eabi/9.1.0/../../../../arm-none-eabi/lib/libg.a(lib_a-vfprintf.o) (__swsetup_r)
/opt/devkitpro/devkitARM/lib/gcc/arm-none-eabi/9.1.0/../../../../arm-none-eabi/lib/libg.a(lib_a-dtoa.o)
                              /opt/devkitpro/devkitARM/lib/gcc/arm-none-eabi/9.1.0/../../../../arm-none-eabi/lib/libg.a(lib_a-vfprintf.o) (_dtoa_r)
/opt/devkitpro/devkitARM/lib/gcc/arm-none-eabi/9.1.0/../../../../arm-none-eabi/lib/libg.a(lib_a-fflush.o)
                              /opt/devkitpro/devkitARM/lib/gcc/arm-none-eabi/9.1.0/../../../../arm-none-eabi/lib/libg.a(lib_a-vfprintf.o) (_fflush_r)
/opt/devkitpro/devkitARM/lib/gcc/arm-none-eabi/9.1.0/../../../../arm-none-eabi/lib/libg.a(lib_a-findfp.o)
                              /opt/devkitpro/devkitARM/lib/gcc/arm-none-eabi/9.1.0/../../../../arm-none-eabi/lib/libg.a(lib_a-vfprintf.o) (__sinit)
/opt/devkitpro/devkitARM/lib/gcc/arm-none-eabi/9.1.0/../../../../arm-none-eabi/lib/libg.a(lib_a-freer.o)
                              /opt/devkitpro/devkitARM/lib/gcc/arm-none-eabi/9.1.0/../../../../arm-none-eabi/lib/libg.a(lib_a-vfprintf.o) (_free_r)
/opt/devkitpro/devkitARM/lib/gcc/arm-none-eabi/9.1.0/../../../../arm-none-eabi/lib/libg.a(lib_a-fwalk.o)
                              /opt/devkitpro/devkitARM/lib/gcc/arm-none-eabi/9.1.0/../../../../arm-none-eabi/lib/libg.a(lib_a-findfp.o) (_fwalk)
/opt/devkitpro/devkitARM/lib/gcc/arm-none-eabi/9.1.0/../../../../arm-none-eabi/lib/libg.a(lib_a-impure.o)
                              /opt/devkitpro/devkitARM/lib/gcc/arm-none-eabi/9.1.0/../../../../arm-none-eabi/lib/libg.a(lib_a-fflush.o) (_global_impure_ptr)
/opt/devkitpro/devkitARM/lib/gcc/arm-none-eabi/9.1.0/../../../../arm-none-eabi/lib/libg.a(lib_a-localeconv.o)
                              /opt/devkitpro/devkitARM/lib/gcc/arm-none-eabi/9.1.0/../../../../arm-none-eabi/lib/libg.a(lib_a-vfprintf.o) (_localeconv_r)
/opt/devkitpro/devkitARM/lib/gcc/arm-none-eabi/9.1.0/../../../../arm-none-eabi/lib/libg.a(lib_a-locale.o)
                              /opt/devkitpro/devkitARM/lib/gcc/arm-none-eabi/9.1.0/../../../../arm-none-eabi/lib/libg.a(lib_a-vfprintf.o) (__locale_mb_cur_max)
/opt/devkitpro/devkitARM/lib/gcc/arm-none-eabi/9.1.0/../../../../arm-none-eabi/lib/libg.a(lib_a-makebuf.o)
                              /opt/devkitpro/devkitARM/lib/gcc/arm-none-eabi/9.1.0/../../../../arm-none-eabi/lib/libg.a(lib_a-wsetup.o) (__smakebuf_r)
/opt/devkitpro/devkitARM/lib/gcc/arm-none-eabi/9.1.0/../../../../arm-none-eabi/lib/libg.a(lib_a-mallocr.o)
                              /opt/devkitpro/devkitARM/lib/gcc/arm-none-eabi/9.1.0/../../../../arm-none-eabi/lib/libg.a(lib_a-vfprintf.o) (_malloc_r)
/opt/devkitpro/devkitARM/lib/gcc/arm-none-eabi/9.1.0/../../../../arm-none-eabi/lib/libg.a(lib_a-mbtowc_r.o)
                              /opt/devkitpro/devkitARM/lib/gcc/arm-none-eabi/9.1.0/../../../../arm-none-eabi/lib/libg.a(lib_a-locale.o) (__ascii_mbtowc)
/opt/devkitpro/devkitARM/lib/gcc/arm-none-eabi/9.1.0/../../../../arm-none-eabi/lib/libg.a(lib_a-memchr-stub.o)
                              /opt/devkitpro/devkitARM/lib/gcc/arm-none-eabi/9.1.0/../../../../arm-none-eabi/lib/libg.a(lib_a-vfprintf.o) (memchr)
[...]
Memory Configuration

Name             Origin             Length             Attributes
rom              0x0000000008000000 0x0000000002000000
iwram            0x0000000003000000 0x0000000000008000
ewram            0x0000000002000000 0x0000000000040000
*default*        0x0000000000000000 0xffffffffffffffff

Linker script and memory map

                0x0000000008000000                __text_start = ORIGIN (rom)
                0x0000000002040000                __eheap_end = (ORIGIN (ewram) + LENGTH (ewram))
                0x0000000003000000                __iwram_start = ORIGIN (iwram)
                0x0000000003008000                __iwram_top = (ORIGIN (iwram) + LENGTH (iwram))
                0x0000000003007fa0                __sp_irq = (__iwram_top - 0x60)
                0x0000000003007f00                __sp_usr = (__sp_irq - 0xa0)
                0x0000000003007ff8                __irq_flags = 0x3007ff8
                0x0000000008000000                . = __text_start

.crt0           0x0000000008000000      0x210
 *(.crt0)
 .crt0          0x0000000008000000      0x210 /opt/devkitpro/devkitARM/lib/gcc/arm-none-eabi/9.1.0/../../../../arm-none-eabi/lib/gba_crt0.o
                0x0000000008000000                _start
                0x00000000080000c4                __boot_method
                0x00000000080000c5                __slave_number
                0x00000000080000e0                start_vector
                0x0000000008000210                . = ALIGN (0x4)

.init           0x0000000008000210       0x18
 *(SORT_NONE(.init))
 .init          0x0000000008000210        0xc /opt/devkitpro/devkitARM/lib/gcc/arm-none-eabi/9.1.0/crti.o
                0x0000000008000210                _init
 .init          0x000000000800021c        0xc /opt/devkitpro/devkitARM/lib/gcc/arm-none-eabi/9.1.0/crtn.o

.plt            0x0000000008000228        0x0
 *(.plt)
                0x0000000008000228                . = ALIGN (0x4)

.text           0x0000000008000228     0xaaa0
 *(EXCLUDE_FILE(*.iwram*) .text*)
 .text.deregister_tm_clones
                0x0000000008000228       0x2c /opt/devkitpro/devkitARM/lib/gcc/arm-none-eabi/9.1.0/crtbegin.o
 .text.register_tm_clones
                0x0000000008000254       0x38 /opt/devkitpro/devkitARM/lib/gcc/arm-none-eabi/9.1.0/crtbegin.o
 .text.__do_global_dtors_aux
                0x000000000800028c       0x44 /opt/devkitpro/devkitARM/lib/gcc/arm-none-eabi/9.1.0/crtbegin.o
 .text.frame_dummy
                0x00000000080002d0       0x34 /opt/devkitpro/devkitARM/lib/gcc/arm-none-eabi/9.1.0/crtbegin.o
 .text.startup  0x0000000008000304       0xf8 main.o
                0x0000000008000304                main
 .text          0x00000000080003fc      0x3b8 /opt/devkitpro/libgba/lib/libgba.a(interrupt.o)
                0x00000000080003fc                dummy
                0x0000000008000400                InitInterrupt
                0x000000000800045c                irqInit
                0x00000000080004b8                SetInterrupt
                0x000000000800059c                irqSet
                0x0000000008000680                EnableInterrupt
                0x00000000080006cc                irqEnable
                0x000000000800071c                DisableInterrupt
                0x0000000008000768                irqDisable
 .text.__libc_init_array
                0x00000000080007b4       0x88 /opt/devkitpro/devkitARM/lib/gcc/arm-none-eabi/9.1.0/../../../../arm-none-eabi/lib/libg.a(lib_a-init.o)
                0x00000000080007b4                __libc_init_array
 .text.memset   0x000000000800083c      0x11c /opt/devkitpro/devkitARM/lib/gcc/arm-none-eabi/9.1.0/../../../../arm-none-eabi/lib/libg.a(lib_a-memset.o)
                0x000000000800083c                memset
 .text.printf   0x0000000008000958       0x34 /opt/devkitpro/devkitARM/lib/gcc/arm-none-eabi/9.1.0/../../../../arm-none-eabi/lib/libg.a(lib_a-printf.o)
                0x0000000008000958                printf
 .text.get_arg  0x000000000800098c      0x650 /opt/devkitpro/devkitARM/lib/gcc/arm-none-eabi/9.1.0/../../../../arm-none-eabi/lib/libg.a(lib_a-vfprintf.o)
 .text._vfprintf_r
                0x0000000008000fdc     0x396c /opt/devkitpro/devkitARM/lib/gcc/arm-none-eabi/9.1.0/../../../../arm-none-eabi/lib/libg.a(lib_a-vfprintf.o)
                0x0000000008000fdc                _vfprintf_r
 .text.__sbprintf
                0x0000000008004948       0xd4 /opt/devkitpro/devkitARM/lib/gcc/arm-none-eabi/9.1.0/../../../../arm-none-eabi/lib/libg.a(lib_a-vfprintf.o)
 .text._wcrtomb_r
                0x0000000008004a1c       0x5c /opt/devkitpro/devkitARM/lib/gcc/arm-none-eabi/9.1.0/../../../../arm-none-eabi/lib/libg.a(lib_a-wcrtomb.o)
                0x0000000008004a1c                _wcrtomb_r
 .text._wcsrtombs_r
                0x0000000008004a78       0x24 /opt/devkitpro/devkitARM/lib/gcc/arm-none-eabi/9.1.0/../../../../arm-none-eabi/lib/libg.a(lib_a-wcsrtombs.o)
                0x0000000008004a78                _wcsrtombs_r
 .text.__swsetup_r
                0x0000000008004a9c      0x160 /opt/devkitpro/devkitARM/lib/gcc/arm-none-eabi/9.1.0/../../../../arm-none-eabi/lib/libg.a(lib_a-wsetup.o)
                0x0000000008004a9c                __swsetup_r
 .text.quorem   0x0000000008004bfc      0x1c0 /opt/devkitpro/devkitARM/lib/gcc/arm-none-eabi/9.1.0/../../../../arm-none-eabi/lib/libg.a(lib_a-dtoa.o)
 *fill*         0x0000000008004dbc        0x4 ff
 .text._dtoa_r  0x0000000008004dc0     0x167c /opt/devkitpro/devkitARM/lib/gcc/arm-none-eabi/9.1.0/../../../../arm-none-eabi/lib/libg.a(lib_a-dtoa.o)
                0x0000000008004dc0                _dtoa_r
 .text.__sflush_r
                0x000000000800643c      0x2a0 /opt/devkitpro/devkitARM/lib/gcc/arm-none-eabi/9.1.0/../../../../arm-none-eabi/lib/libg.a(lib_a-fflush.o)
                0x000000000800643c                __sflush_r
 .text._fflush_r
                0x00000000080066dc       0x9c /opt/devkitpro/devkitARM/lib/gcc/arm-none-eabi/9.1.0/../../../../arm-none-eabi/lib/libg.a(lib_a-fflush.o)
                0x00000000080066dc                _fflush_r
 .text.std      0x0000000008006778       0x84 /opt/devkitpro/devkitARM/lib/gcc/arm-none-eabi/9.1.0/../../../../arm-none-eabi/lib/libg.a(lib_a-findfp.o)
 .text._cleanup_r
                0x00000000080067fc       0x18 /opt/devkitpro/devkitARM/lib/gcc/arm-none-eabi/9.1.0/../../../../arm-none-eabi/lib/libg.a(lib_a-findfp.o)
                0x00000000080067fc                _cleanup_r
 .text.__sinit  0x0000000008006814       0x94 /opt/devkitpro/devkitARM/lib/gcc/arm-none-eabi/9.1.0/../../../../arm-none-eabi/lib/libg.a(lib_a-findfp.o)
                0x0000000008006814                __sinit
 .text.__sfp_lock_acquire
                0x00000000080068a8       0x18 /opt/devkitpro/devkitARM/lib/gcc/arm-none-eabi/9.1.0/../../../../arm-none-eabi/lib/libg.a(lib_a-findfp.o)
                0x00000000080068a8                __sfp_lock_acquire
 .text.__sfp_lock_release
                0x00000000080068c0       0x18 /opt/devkitpro/devkitARM/lib/gcc/arm-none-eabi/9.1.0/../../../../arm-none-eabi/lib/libg.a(lib_a-findfp.o)
                0x00000000080068c0                __sfp_lock_release
 .text._malloc_trim_r
                0x00000000080068d8      0x100 /opt/devkitpro/devkitARM/lib/gcc/arm-none-eabi/9.1.0/../../../../arm-none-eabi/lib/libg.a(lib_a-freer.o)
                0x00000000080068d8                _malloc_trim_r
 .text._free_r  0x00000000080069d8      0x2e0 /opt/devkitpro/devkitARM/lib/gcc/arm-none-eabi/9.1.0/../../../../arm-none-eabi/lib/libg.a(lib_a-freer.o)
                0x00000000080069d8                _free_r
 .text._fwalk_reent
                0x0000000008006cb8       0x78 /opt/devkitpro/devkitARM/lib/gcc/arm-none-eabi/9.1.0/../../../../arm-none-eabi/lib/libg.a(lib_a-fwalk.o)
                0x0000000008006cb8                _fwalk_reent
 .text._localeconv_r
                0x0000000008006d30        0xc /opt/devkitpro/devkitARM/lib/gcc/arm-none-eabi/9.1.0/../../../../arm-none-eabi/lib/libg.a(lib_a-localeconv.o)
                0x0000000008006d30                _localeconv_r
 .text.__locale_mb_cur_max
                0x0000000008006d3c       0x10 /opt/devkitpro/devkitARM/lib/gcc/arm-none-eabi/9.1.0/../../../../arm-none-eabi/lib/libg.a(lib_a-locale.o)
                0x0000000008006d3c                __locale_mb_cur_max
 .text.__swhatbuf_r
                0x0000000008006d4c       0xa0 /opt/devkitpro/devkitARM/lib/gcc/arm-none-eabi/9.1.0/../../../../arm-none-eabi/lib/libg.a(lib_a-makebuf.o)
                0x0000000008006d4c                __swhatbuf_r
 .text.__smakebuf_r
                0x0000000008006dec      0x100 /opt/devkitpro/devkitARM/lib/gcc/arm-none-eabi/9.1.0/../../../../arm-none-eabi/lib/libg.a(lib_a-makebuf.o)
                0x0000000008006dec                __smakebuf_r
 .text._malloc_r
                0x0000000008006eec      0x7cc /opt/devkitpro/devkitARM/lib/gcc/arm-none-eabi/9.1.0/../../../../arm-none-eabi/lib/libg.a(lib_a-mallocr.o)
                0x0000000008006eec                _malloc_r
 .text.__utf8_mbtowc
                0x00000000080076b8      0x308 /opt/devkitpro/devkitARM/lib/gcc/arm-none-eabi/9.1.0/../../../../arm-none-eabi/lib/libg.a(lib_a-mbtowc_r.o)
                0x00000000080076b8                __utf8_mbtowc
 .text.memchr   0x00000000080079c0       0xf8 /opt/devkitpro/devkitARM/lib/gcc/arm-none-eabi/9.1.0/../../../../arm-none-eabi/lib/libg.a(lib_a-memchr-stub.o)
                0x00000000080079c0                memchr
 .text.memcpy   0x0000000008007ab8      0x124 /opt/devkitpro/devkitARM/lib/gcc/arm-none-eabi/9.1.0/../../../../arm-none-eabi/lib/libg.a(lib_a-memcpy-stub.o)
                0x0000000008007ab8                memcpy
 .text.__malloc_lock
                0x0000000008007bdc       0x18 /opt/devkitpro/devkitARM/lib/gcc/arm-none-eabi/9.1.0/../../../../arm-none-eabi/lib/libg.a(lib_a-mlock.o)
                0x0000000008007bdc                __malloc_lock
 .text.__malloc_unlock
                0x0000000008007bf4       0x18 /opt/devkitpro/devkitARM/lib/gcc/arm-none-eabi/9.1.0/../../../../arm-none-eabi/lib/libg.a(lib_a-mlock.o)
                0x0000000008007bf4                __malloc_unlock
 .text._Balloc  0x0000000008007c0c       0x8c /opt/devkitpro/devkitARM/lib/gcc/arm-none-eabi/9.1.0/../../../../arm-none-eabi/lib/libg.a(lib_a-mprec.o)
                0x0000000008007c0c                _Balloc
 .text._Bfree   0x0000000008007c98       0x1c /opt/devkitpro/devkitARM/lib/gcc/arm-none-eabi/9.1.0/../../../../arm-none-eabi/lib/libg.a(lib_a-mprec.o)
                0x0000000008007c98                _Bfree
 .text.__multadd
                0x0000000008007cb4       0xd0 /opt/devkitpro/devkitARM/lib/gcc/arm-none-eabi/9.1.0/../../../../arm-none-eabi/lib/libg.a(lib_a-mprec.o)
                0x0000000008007cb4                __multadd
 .text.__hi0bits
                0x0000000008007d84       0x58 /opt/devkitpro/devkitARM/lib/gcc/arm-none-eabi/9.1.0/../../../../arm-none-eabi/lib/libg.a(lib_a-mprec.o)
                0x0000000008007d84                __hi0bits
 .text.__lo0bits
                0x0000000008007ddc       0xa0 /opt/devkitpro/devkitARM/lib/gcc/arm-none-eabi/9.1.0/../../../../arm-none-eabi/lib/libg.a(lib_a-mprec.o)
                0x0000000008007ddc                __lo0bits
 .text.__i2b    0x0000000008007e7c       0x24 /opt/devkitpro/devkitARM/lib/gcc/arm-none-eabi/9.1.0/../../../../arm-none-eabi/lib/libg.a(lib_a-mprec.o)
                0x0000000008007e7c                __i2b
 .text.__multiply
                0x0000000008007ea0      0x1f0 /opt/devkitpro/devkitARM/lib/gcc/arm-none-eabi/9.1.0/../../../../arm-none-eabi/lib/libg.a(lib_a-mprec.o)
                0x0000000008007ea0                __multiply
 .text.__pow5mult
                0x0000000008008090      0x104 /opt/devkitpro/devkitARM/lib/gcc/arm-none-eabi/9.1.0/../../../../arm-none-eabi/lib/libg.a(lib_a-mprec.o)
                0x0000000008008090                __pow5mult
 .text.__lshift
                0x0000000008008194      0x118 /opt/devkitpro/devkitARM/lib/gcc/arm-none-eabi/9.1.0/../../../../arm-none-eabi/lib/libg.a(lib_a-mprec.o)
                0x0000000008008194                __lshift
 .text.__mcmp   0x00000000080082ac       0x60 /opt/devkitpro/devkitARM/lib/gcc/arm-none-eabi/9.1.0/../../../../arm-none-eabi/lib/libg.a(lib_a-mprec.o)
                0x00000000080082ac                __mcmp
 .text.__mdiff  0x000000000800830c      0x1c4 /opt/devkitpro/devkitARM/lib/gcc/arm-none-eabi/9.1.0/../../../../arm-none-eabi/lib/libg.a(lib_a-mprec.o)
                0x000000000800830c                __mdiff
 .text.__d2b    0x00000000080084d0      0x118 /opt/devkitpro/devkitARM/lib/gcc/arm-none-eabi/9.1.0/../../../../arm-none-eabi/lib/libg.a(lib_a-mprec.o)
                0x00000000080084d0                __d2b
 .text.frexp    0x00000000080085e8       0xa4 /opt/devkitpro/devkitARM/lib/gcc/arm-none-eabi/9.1.0/../../../../arm-none-eabi/lib/libg.a(lib_a-s_frexp.o)
                0x00000000080085e8                frexp
 .text.__sread  0x000000000800868c       0x4c /opt/devkitpro/devkitARM/lib/gcc/arm-none-eabi/9.1.0/../../../../arm-none-eabi/lib/libg.a(lib_a-stdio.o)
                0x000000000800868c                __sread
 .text.__swrite
                0x00000000080086d8       0x6c /opt/devkitpro/devkitARM/lib/gcc/arm-none-eabi/9.1.0/../../../../arm-none-eabi/lib/libg.a(lib_a-stdio.o)
                0x00000000080086d8                __swrite
 .text.__sseek  0x0000000008008744       0x68 /opt/devkitpro/devkitARM/lib/gcc/arm-none-eabi/9.1.0/../../../../arm-none-eabi/lib/libg.a(lib_a-stdio.o)
                0x0000000008008744                __sseek
 .text.__sclose
                0x00000000080087ac       0x14 /opt/devkitpro/devkitARM/lib/gcc/arm-none-eabi/9.1.0/../../../../arm-none-eabi/lib/libg.a(lib_a-stdio.o)
                0x00000000080087ac                __sclose
 .text.strlen   0x00000000080087c0       0x60 /opt/devkitpro/devkitARM/lib/gcc/arm-none-eabi/9.1.0/../../../../arm-none-eabi/lib/libg.a(lib_a-strlen-stub.o)
                0x00000000080087c0                strlen
 .text.strncpy  0x0000000008008820       0xcc /opt/devkitpro/devkitARM/lib/gcc/arm-none-eabi/9.1.0/../../../../arm-none-eabi/lib/libg.a(lib_a-strncpy.o)
                0x0000000008008820                strncpy
 .text.__sprint_r
                0x00000000080088ec       0x34 /opt/devkitpro/devkitARM/lib/gcc/arm-none-eabi/9.1.0/../../../../arm-none-eabi/lib/libg.a(lib_a-vfiprintf.o)
                0x00000000080088ec                __sprint_r
 .text._wcsnrtombs_l
                0x0000000008008920      0x1a0 /opt/devkitpro/devkitARM/lib/gcc/arm-none-eabi/9.1.0/../../../../arm-none-eabi/lib/libg.a(lib_a-wcsnrtombs.o)
                0x0000000008008920                _wcsnrtombs_l
 .text._wcsnrtombs_r
                0x0000000008008ac0       0x4c /opt/devkitpro/devkitARM/lib/gcc/arm-none-eabi/9.1.0/../../../../arm-none-eabi/lib/libg.a(lib_a-wcsnrtombs.o)
                0x0000000008008ac0                _wcsnrtombs_r
 .text.__utf8_wctomb
                0x0000000008008b0c       0xf4 /opt/devkitpro/devkitARM/lib/gcc/arm-none-eabi/9.1.0/../../../../arm-none-eabi/lib/libg.a(lib_a-wctomb_r.o)
                0x0000000008008b0c                __utf8_wctomb
 .text._calloc_r
                0x0000000008008c00       0x9c /opt/devkitpro/devkitARM/lib/gcc/arm-none-eabi/9.1.0/../../../../arm-none-eabi/lib/libg.a(lib_a-callocr.o)
                0x0000000008008c00                _calloc_r
 .text._fclose_r
                0x0000000008008c9c      0x16c /opt/devkitpro/devkitARM/lib/gcc/arm-none-eabi/9.1.0/../../../../arm-none-eabi/lib/libg.a(lib_a-fclose.o)
                0x0000000008008c9c                _fclose_r
 .text.__sfvwrite_r
                0x0000000008008e08      0x4cc /opt/devkitpro/devkitARM/lib/gcc/arm-none-eabi/9.1.0/../../../../arm-none-eabi/lib/libg.a(lib_a-fvwrite.o)
                0x0000000008008e08                __sfvwrite_r
 .text.memmove  0x00000000080092d4      0x158 /opt/devkitpro/devkitARM/lib/gcc/arm-none-eabi/9.1.0/../../../../arm-none-eabi/lib/libg.a(lib_a-memmove.o)
                0x00000000080092d4                memmove
 .text._realloc_r
                0x000000000800942c      0x4dc /opt/devkitpro/devkitARM/lib/gcc/arm-none-eabi/9.1.0/../../../../arm-none-eabi/lib/libg.a(lib_a-reallocr.o)
                0x000000000800942c                _realloc_r
 .text._fstat_r
                0x0000000008009908       0x7c /opt/devkitpro/devkitARM/lib/gcc/arm-none-eabi/9.1.0/../../../../arm-none-eabi/lib/libsysbase.a(fstat.o)
                0x0000000008009908                _fstat_r
 .text._isatty_r
                0x0000000008009984        0x8 /opt/devkitpro/devkitARM/lib/gcc/arm-none-eabi/9.1.0/../../../../arm-none-eabi/lib/libsysbase.a(isatty.o)
                0x0000000008009984                _isatty_r
 .text._lseek_r
                0x000000000800998c       0x88 /opt/devkitpro/devkitARM/lib/gcc/arm-none-eabi/9.1.0/../../../../arm-none-eabi/lib/libsysbase.a(lseek.o)
                0x000000000800998c                _lseek_r
 .text._read_r  0x0000000008009a14       0x84 /opt/devkitpro/devkitARM/lib/gcc/arm-none-eabi/9.1.0/../../../../arm-none-eabi/lib/libsysbase.a(read.o)
                0x0000000008009a14                _read_r
 .text._sbrk_r  0x0000000008009a98       0x74 /opt/devkitpro/devkitARM/lib/gcc/arm-none-eabi/9.1.0/../../../../arm-none-eabi/lib/libsysbase.a(sbrk.o)
                0x0000000008009a98                _sbrk_r
 .text._write_r
                0x0000000008009b0c       0x84 /opt/devkitpro/devkitARM/lib/gcc/arm-none-eabi/9.1.0/../../../../arm-none-eabi/lib/libsysbase.a(write.o)
                0x0000000008009b0c                _write_r
 .text.__flockfile
                0x0000000008009b90       0x14 /opt/devkitpro/devkitARM/lib/gcc/arm-none-eabi/9.1.0/../../../../arm-none-eabi/lib/libsysbase.a(flock.o)
                0x0000000008009b90                __flockfile
 .text.__funlockfile
                0x0000000008009ba4       0x14 /opt/devkitpro/devkitARM/lib/gcc/arm-none-eabi/9.1.0/../../../../arm-none-eabi/lib/libsysbase.a(flock.o)
                0x0000000008009ba4                __funlockfile
 .text.__libc_lock_acquire
                0x0000000008009bb8       0x18 /opt/devkitpro/devkitARM/lib/gcc/arm-none-eabi/9.1.0/../../../../arm-none-eabi/lib/libsysbase.a(syscall_support.o)
                0x0000000008009bb8                __libc_lock_acquire
 .text.__libc_lock_release
                0x0000000008009bd0       0x18 /opt/devkitpro/devkitARM/lib/gcc/arm-none-eabi/9.1.0/../../../../arm-none-eabi/lib/libsysbase.a(syscall_support.o)
                0x0000000008009bd0                __libc_lock_release
 .text.__libc_lock_init_recursive
                0x0000000008009be8       0x18 /opt/devkitpro/devkitARM/lib/gcc/arm-none-eabi/9.1.0/../../../../arm-none-eabi/lib/libsysbase.a(syscall_support.o)
                0x0000000008009be8                __libc_lock_init_recursive
 .text.__libc_lock_acquire_recursive
                0x0000000008009c00       0x18 /opt/devkitpro/devkitARM/lib/gcc/arm-none-eabi/9.1.0/../../../../arm-none-eabi/lib/libsysbase.a(syscall_support.o)
                0x0000000008009c00                __libc_lock_acquire_recursive
 .text.__libc_lock_release_recursive
                0x0000000008009c18       0x18 /opt/devkitpro/devkitARM/lib/gcc/arm-none-eabi/9.1.0/../../../../arm-none-eabi/lib/libsysbase.a(syscall_support.o)
                0x0000000008009c18                __libc_lock_release_recursive
 .text.__libc_lock_close_recursive
                0x0000000008009c30       0x18 /opt/devkitpro/devkitARM/lib/gcc/arm-none-eabi/9.1.0/../../../../arm-none-eabi/lib/libsysbase.a(syscall_support.o)
                0x0000000008009c30                __libc_lock_close_recursive
 .text.__get_handle
                0x0000000008009c48       0x40 /opt/devkitpro/devkitARM/lib/gcc/arm-none-eabi/9.1.0/../../../../arm-none-eabi/lib/libsysbase.a(handle_manager.o)
                0x0000000008009c48                __get_handle
 .text._close_r
                0x0000000008009c88      0x104 /opt/devkitpro/devkitARM/lib/gcc/arm-none-eabi/9.1.0/../../../../arm-none-eabi/lib/libsysbase.a(handle_manager.o)
                0x0000000008009c88                _close_r
 .text.__getreent
                0x0000000008009d8c       0x24 /opt/devkitpro/devkitARM/lib/gcc/arm-none-eabi/9.1.0/../../../../arm-none-eabi/lib/libsysbase.a(getreent.o)
                0x0000000008009d8c                __getreent
 .text.null_write
                0x0000000008009db0        0x8 /opt/devkitpro/devkitARM/lib/gcc/arm-none-eabi/9.1.0/../../../../arm-none-eabi/lib/libsysbase.a(iosupport.o)
 .text          0x0000000008009db8      0x114 /opt/devkitpro/devkitARM/lib/gcc/arm-none-eabi/9.1.0/libgcc.a(_udivsi3.o)
                0x0000000008009db8                __udivsi3
                0x0000000008009db8                __aeabi_uidiv
                0x0000000008009eac                __aeabi_uidivmod
 .text          0x0000000008009ecc      0x148 /opt/devkitpro/devkitARM/lib/gcc/arm-none-eabi/9.1.0/libgcc.a(_divsi3.o)
                0x0000000008009ecc                __aeabi_idiv
                0x0000000008009ecc                __divsi3
                0x0000000008009ff4                __aeabi_idivmod
 .text          0x000000000800a014        0x4 /opt/devkitpro/devkitARM/lib/gcc/arm-none-eabi/9.1.0/libgcc.a(_dvmd_tls.o)
                0x000000000800a014                __aeabi_ldiv0
                0x000000000800a014                __aeabi_idiv0
 .text          0x000000000800a018      0x424 /opt/devkitpro/devkitARM/lib/gcc/arm-none-eabi/9.1.0/libgcc.a(_arm_addsubdf3.o)
                0x000000000800a018                __aeabi_drsub
                0x000000000800a020                __aeabi_dsub
                0x000000000800a020                __subdf3
                0x000000000800a024                __adddf3
                0x000000000800a024                __aeabi_dadd
                0x000000000800a334                __aeabi_ui2d
                0x000000000800a334                __floatunsidf
                0x000000000800a358                __floatsidf
                0x000000000800a358                __aeabi_i2d
                0x000000000800a380                __extendsfdf2
                0x000000000800a380                __aeabi_f2d
                0x000000000800a3c8                __aeabi_ul2d
                0x000000000800a3c8                __floatundidf
                0x000000000800a3dc                __floatdidf
                0x000000000800a3dc                __aeabi_l2d
 .text          0x000000000800a43c      0x49c /opt/devkitpro/devkitARM/lib/gcc/arm-none-eabi/9.1.0/libgcc.a(_arm_muldivdf3.o)
                0x000000000800a43c                __aeabi_dmul
                0x000000000800a43c                __muldf3
                0x000000000800a6cc                __aeabi_ddiv
                0x000000000800a6cc                __divdf3
 .text          0x000000000800a8d8      0x144 /opt/devkitpro/devkitARM/lib/gcc/arm-none-eabi/9.1.0/libgcc.a(_arm_cmpdf2.o)
                0x000000000800a8d8                __gtdf2
                0x000000000800a8d8                __gedf2
                0x000000000800a8e0                __ltdf2
                0x000000000800a8e0                __ledf2
                0x000000000800a8e8                __cmpdf2
                0x000000000800a8e8                __eqdf2
                0x000000000800a8e8                __nedf2
                0x000000000800a970                __aeabi_cdrcmple
                0x000000000800a98c                __aeabi_cdcmple
                0x000000000800a98c                __aeabi_cdcmpeq
                0x000000000800a9a4                __aeabi_dcmpeq
                0x000000000800a9bc                __aeabi_dcmplt
                0x000000000800a9d4                __aeabi_dcmple
                0x000000000800a9ec                __aeabi_dcmpge
                0x000000000800aa04                __aeabi_dcmpgt
 .text          0x000000000800aa1c       0x38 /opt/devkitpro/devkitARM/lib/gcc/arm-none-eabi/9.1.0/libgcc.a(_arm_unorddf2.o)
                0x000000000800aa1c                __aeabi_dcmpun
                0x000000000800aa1c                __unorddf2
 .text          0x000000000800aa54       0x5c /opt/devkitpro/devkitARM/lib/gcc/arm-none-eabi/9.1.0/libgcc.a(_arm_fixdfsi.o)
                0x000000000800aa54                __fixdfsi
                0x000000000800aa54                __aeabi_d2iz
 .text          0x000000000800aab0       0x3c /opt/devkitpro/devkitARM/lib/gcc/arm-none-eabi/9.1.0/libgcc.a(_aeabi_uldivmod.o)
                0x000000000800aab0                __aeabi_uldivmod
 .text.__udivmoddi4
                0x000000000800aaec      0x130 /opt/devkitpro/devkitARM/lib/gcc/arm-none-eabi/9.1.0/libgcc.a(_udivmoddi4.o)
                0x000000000800aaec                __udivmoddi4
 .text          0x000000000800ac1c       0x28 /opt/devkitpro/devkitARM/lib/gcc/arm-none-eabi/9.1.0/libgcc.a(_clzdi2.o)
                0x000000000800ac1c                __clzdi2
 .text          0x000000000800ac44       0x48 /opt/devkitpro/devkitARM/lib/gcc/arm-none-eabi/9.1.0/libgcc.a(_clzsi2.o)
                0x000000000800ac44                __clzsi2
 .text.free     0x000000000800ac8c       0x1c /opt/devkitpro/devkitARM/lib/gcc/arm-none-eabi/9.1.0/../../../../arm-none-eabi/lib/libg.a(lib_a-malloc.o)
                0x000000000800ac8c                free
 .text.free.__stub
                0x000000000800aca8       0x18 linker stubs
 *(.gnu.linkonce.t.*)
 *(.text.*personality*)
 *(.gnu.warning)
 *(.glue_7t)
 .glue_7t       0x000000000800acc8        0x0 linker stubs
 *(.glue_7)
 .glue_7        0x000000000800acc8        0x0 linker stubs
 *(.vfp11_veneer)
 .vfp11_veneer  0x000000000800acc8        0x0 linker stubs
                0x000000000800acc8                . = ALIGN (0x4)
                0x000000000800acc8                __text_end = .

.v4_bx          0x000000000800acc8        0x0
 .v4_bx         0x000000000800acc8        0x0 linker stubs

.iplt           0x000000000800acc8        0x0
 .iplt          0x000000000800acc8        0x0 /opt/devkitpro/devkitARM/lib/gcc/arm-none-eabi/9.1.0/../../../../arm-none-eabi/lib/gba_crt0.o

.fini           0x000000000800acc8       0x18
 *(.fini)
 .fini          0x000000000800acc8        0xc /opt/devkitpro/devkitARM/lib/gcc/arm-none-eabi/9.1.0/crti.o
                0x000000000800acc8                _fini
 .fini          0x000000000800acd4        0xc /opt/devkitpro/devkitARM/lib/gcc/arm-none-eabi/9.1.0/crtn.o
                0x000000000800ace0                . = ALIGN (0x4)

.rodata         0x000000000800ace0      0x510
 *(.rodata)
 *all.rodata*(*)
 *(.roda)
 *(.rodata.*)
 .rodata.str1.4
                0x000000000800ace0        0x4 main.o
 .rodata._vfprintf_r.str1.1
                0x000000000800ace4       0x3b /opt/devkitpro/devkitARM/lib/gcc/arm-none-eabi/9.1.0/../../../../arm-none-eabi/lib/libg.a(lib_a-vfprintf.o)
 *fill*         0x000000000800ad1f        0x1 ff
 .rodata.blanks.7428
                0x000000000800ad20       0x10 /opt/devkitpro/devkitARM/lib/gcc/arm-none-eabi/9.1.0/../../../../arm-none-eabi/lib/libg.a(lib_a-vfprintf.o)
 .rodata.zeroes.7429
                0x000000000800ad30       0x10 /opt/devkitpro/devkitARM/lib/gcc/arm-none-eabi/9.1.0/../../../../arm-none-eabi/lib/libg.a(lib_a-vfprintf.o)
 .rodata._dtoa_r.str1.4
                0x000000000800ad40       0x12 /opt/devkitpro/devkitARM/lib/gcc/arm-none-eabi/9.1.0/../../../../arm-none-eabi/lib/libg.a(lib_a-dtoa.o)
 *fill*         0x000000000800ad52        0x2 ff
 .rodata.str1.4
                0x000000000800ad54       0x48 /opt/devkitpro/devkitARM/lib/gcc/arm-none-eabi/9.1.0/../../../../arm-none-eabi/lib/libg.a(lib_a-locale.o)
                                         0x4c (size before relaxing)
 *fill*         0x000000000800ad9c        0x4 ff
 .rodata.__mprec_bigtens
                0x000000000800ada0       0x28 /opt/devkitpro/devkitARM/lib/gcc/arm-none-eabi/9.1.0/../../../../arm-none-eabi/lib/libg.a(lib_a-mprec.o)
                0x000000000800ada0                __mprec_bigtens
 .rodata.__mprec_tens
                0x000000000800adc8       0xc8 /opt/devkitpro/devkitARM/lib/gcc/arm-none-eabi/9.1.0/../../../../arm-none-eabi/lib/libg.a(lib_a-mprec.o)
                0x000000000800adc8                __mprec_tens
 .rodata.p05.6147
                0x000000000800ae90        0xc /opt/devkitpro/devkitARM/lib/gcc/arm-none-eabi/9.1.0/../../../../arm-none-eabi/lib/libg.a(lib_a-mprec.o)
 .rodata.__action_table
                0x000000000800ae9c       0x6c /opt/devkitpro/devkitARM/lib/gcc/arm-none-eabi/9.1.0/../../../../arm-none-eabi/lib/libg.a(lib_a-svfiprintf.o)
                0x000000000800ae9c                __action_table
 .rodata.__chclass
                0x000000000800af08      0x100 /opt/devkitpro/devkitARM/lib/gcc/arm-none-eabi/9.1.0/../../../../arm-none-eabi/lib/libg.a(lib_a-svfiprintf.o)
                0x000000000800af08                __chclass
 .rodata.__state_table
                0x000000000800b008       0x6c /opt/devkitpro/devkitARM/lib/gcc/arm-none-eabi/9.1.0/../../../../arm-none-eabi/lib/libg.a(lib_a-svfiprintf.o)
                0x000000000800b008                __state_table
 .rodata._ctype_
                0x000000000800b074      0x101 /opt/devkitpro/devkitARM/lib/gcc/arm-none-eabi/9.1.0/../../../../arm-none-eabi/lib/libg.a(lib_a-ctype_.o)
                0x000000000800b074                _ctype_
 *fill*         0x000000000800b175        0x3 ff
 .rodata.AddDevice.str1.4
                0x000000000800b178        0x8 /opt/devkitpro/devkitARM/lib/gcc/arm-none-eabi/9.1.0/../../../../arm-none-eabi/lib/libsysbase.a(iosupport.o)
 .rodata.dotab_stdnull
                0x000000000800b180       0x70 /opt/devkitpro/devkitARM/lib/gcc/arm-none-eabi/9.1.0/../../../../arm-none-eabi/lib/libsysbase.a(iosupport.o)
                0x000000000800b180                dotab_stdnull
 *(.gnu.linkonce.r*)
                0x000000000800b1f0                . = ALIGN (0x4)

.ARM.extab
 *(.ARM.extab* .gnu.linkonce.armextab.*)
                0x000000000800b1f0                __exidx_start = .

.ARM.exidx
 *(.ARM.exidx* .gnu.linkonce.armexidx.*)
                0x000000000800b1f0                __exidx_end = .

.ctors          0x000000000800b1f0        0x0
 *crtbegin.o(.ctors)
 *(EXCLUDE_FILE(*crtend.o) .ctors)
 *(SORT_BY_NAME(.ctors.*))
 *(.ctors)
                0x000000000800b1f0                . = ALIGN (0x4)

.dtors          0x000000000800b1f0        0x0
 *crtbegin.o(.dtors)
 *(EXCLUDE_FILE(*crtend.o) .dtors)
 *(SORT_BY_NAME(.dtors.*))
 *(.dtors)
                0x000000000800b1f0                . = ALIGN (0x4)

.eh_frame       0x000000000800b1f0        0x4
 *(.eh_frame)
 .eh_frame      0x000000000800b1f0        0x0 /opt/devkitpro/devkitARM/lib/gcc/arm-none-eabi/9.1.0/crtbegin.o
 .eh_frame      0x000000000800b1f0        0x4 /opt/devkitpro/devkitARM/lib/gcc/arm-none-eabi/9.1.0/crtend.o
                0x000000000800b1f4                . = ALIGN (0x4)

.gcc_except_table
                0x000000000800b1f4        0x0
 *(.gcc_except_table)
                0x000000000800b1f4                . = ALIGN (0x4)
                0x000000000800b1f4                __iwram_lma = .

.iwram          0x0000000003000000       0xb8 load address 0x000000000800b1f4
                0x0000000003000000                __iwram_start__ = ABSOLUTE (.)
 *(.iwram)
 .iwram         0x0000000003000000       0xb8 /opt/devkitpro/libgba/lib/libgba.a(InterruptDispatcher.o)
                0x0000000003000000                IntrMain
 *iwram.*(.text*)
                0x00000000030000b8                . = ALIGN (0x4)
                0x00000000030000b8                __iwram_end__ = ABSOLUTE (.)
                0x000000000800b2ac                __data_lma = (__iwram_lma + SIZEOF (.iwram))

.rel.dyn        0x00000000030000b8        0x0 load address 0x000000000800b2ac
 .rel.iplt      0x00000000030000b8        0x0 /opt/devkitpro/devkitARM/lib/gcc/arm-none-eabi/9.1.0/../../../../arm-none-eabi/lib/gba_crt0.o

.bss            0x00000000030000b8      0x11c
                0x00000000030000b8                __bss_start = ABSOLUTE (.)
                0x00000000030000b8                __bss_start__ = ABSOLUTE (.)
 *(.dynbss)
 *(.gnu.linkonce.b*)
 *(.bss*)
 .bss.completed.9071
                0x00000000030000b8        0x1 /opt/devkitpro/devkitARM/lib/gcc/arm-none-eabi/9.1.0/crtbegin.o
 *fill*         0x00000000030000b9        0x3 
 .bss.object.9076
                0x00000000030000bc       0x18 /opt/devkitpro/devkitARM/lib/gcc/arm-none-eabi/9.1.0/crtbegin.o
 .bss.__malloc_current_mallinfo
                0x00000000030000d4       0x28 /opt/devkitpro/devkitARM/lib/gcc/arm-none-eabi/9.1.0/../../../../arm-none-eabi/lib/libg.a(lib_a-mallocr.o)
                0x00000000030000d4                __malloc_current_mallinfo
 .bss.__malloc_max_sbrked_mem
                0x00000000030000fc        0x4 /opt/devkitpro/devkitARM/lib/gcc/arm-none-eabi/9.1.0/../../../../arm-none-eabi/lib/libg.a(lib_a-mallocr.o)
                0x00000000030000fc                __malloc_max_sbrked_mem
 .bss.__malloc_max_total_mem
                0x0000000003000100        0x4 /opt/devkitpro/devkitARM/lib/gcc/arm-none-eabi/9.1.0/../../../../arm-none-eabi/lib/libg.a(lib_a-mallocr.o)
                0x0000000003000100                __malloc_max_total_mem
 .bss.__malloc_top_pad
                0x0000000003000104        0x4 /opt/devkitpro/devkitARM/lib/gcc/arm-none-eabi/9.1.0/../../../../arm-none-eabi/lib/libg.a(lib_a-mallocr.o)
                0x0000000003000104                __malloc_top_pad
 .bss.heap_start.6057
                0x0000000003000108        0x4 /opt/devkitpro/devkitARM/lib/gcc/arm-none-eabi/9.1.0/../../../../arm-none-eabi/lib/libsysbase.a(sbrk.o)
 .bss.fake_heap_end
                0x000000000300010c        0x4 /opt/devkitpro/devkitARM/lib/gcc/arm-none-eabi/9.1.0/../../../../arm-none-eabi/lib/libsysbase.a(malloc_vars.o)
                0x000000000300010c                fake_heap_end
 .bss.fake_heap_start
                0x0000000003000110        0x4 /opt/devkitpro/devkitARM/lib/gcc/arm-none-eabi/9.1.0/../../../../arm-none-eabi/lib/libsysbase.a(malloc_vars.o)
                0x0000000003000110                fake_heap_start
 .bss.__syscalls
                0x0000000003000114       0x48 /opt/devkitpro/devkitARM/lib/gcc/arm-none-eabi/9.1.0/../../../../arm-none-eabi/lib/libsysbase.a(syscall_support.o)
                0x0000000003000114                __syscalls
 *(COMMON)
 COMMON         0x000000000300015c       0x78 /opt/devkitpro/libgba/lib/libgba.a(interrupt.o)
                0x000000000300015c                IntrTable
                0x00000000030001d4                . = ALIGN (0x4)
                0x00000000030001d4                __bss_end__ = ABSOLUTE (.)

.data           0x00000000030001d4     0x1ab8 load address 0x000000000800b2ac
                0x00000000030001d4                __data_start__ = ABSOLUTE (.)
 *(.data)
 *(.data.*)
 .data.__sfp_recursive_mutex
                0x00000000030001d4        0xc /opt/devkitpro/devkitARM/lib/gcc/arm-none-eabi/9.1.0/../../../../arm-none-eabi/lib/libg.a(lib_a-findfp.o)
 .data.__sinit_recursive_mutex
                0x00000000030001e0        0xc /opt/devkitpro/devkitARM/lib/gcc/arm-none-eabi/9.1.0/../../../../arm-none-eabi/lib/libg.a(lib_a-findfp.o)
 .data._impure_ptr
                0x00000000030001ec        0x4 /opt/devkitpro/devkitARM/lib/gcc/arm-none-eabi/9.1.0/../../../../arm-none-eabi/lib/libg.a(lib_a-impure.o)
                0x00000000030001ec                _impure_ptr
 .data.impure_data
                0x00000000030001f0      0x460 /opt/devkitpro/devkitARM/lib/gcc/arm-none-eabi/9.1.0/../../../../arm-none-eabi/lib/libg.a(lib_a-impure.o)
 .data.__global_locale
                0x0000000003000650      0x16c /opt/devkitpro/devkitARM/lib/gcc/arm-none-eabi/9.1.0/../../../../arm-none-eabi/lib/libg.a(lib_a-locale.o)
                0x0000000003000650                __global_locale
 .data.__malloc_av_
                0x00000000030007bc      0x408 /opt/devkitpro/devkitARM/lib/gcc/arm-none-eabi/9.1.0/../../../../arm-none-eabi/lib/libg.a(lib_a-mallocr.o)
                0x00000000030007bc                __malloc_av_
 .data.__malloc_sbrk_base
                0x0000000003000bc4        0x4 /opt/devkitpro/devkitARM/lib/gcc/arm-none-eabi/9.1.0/../../../../arm-none-eabi/lib/libg.a(lib_a-mallocr.o)
                0x0000000003000bc4                __malloc_sbrk_base
 .data.__malloc_trim_threshold
                0x0000000003000bc8        0x4 /opt/devkitpro/devkitARM/lib/gcc/arm-none-eabi/9.1.0/../../../../arm-none-eabi/lib/libg.a(lib_a-mallocr.o)
                0x0000000003000bc8                __malloc_trim_threshold
 .data.__malloc_recursive_mutex
                0x0000000003000bcc        0xc /opt/devkitpro/devkitARM/lib/gcc/arm-none-eabi/9.1.0/../../../../arm-none-eabi/lib/libg.a(lib_a-mlock.o)
 .data.__hndl_lock
                0x0000000003000bd8        0x4 /opt/devkitpro/devkitARM/lib/gcc/arm-none-eabi/9.1.0/../../../../arm-none-eabi/lib/libsysbase.a(handle_manager.o)
 .data.__stderr_handle
                0x0000000003000bdc        0xc /opt/devkitpro/devkitARM/lib/gcc/arm-none-eabi/9.1.0/../../../../arm-none-eabi/lib/libsysbase.a(handle_manager.o)
 .data.__stdin_handle
                0x0000000003000be8        0xc /opt/devkitpro/devkitARM/lib/gcc/arm-none-eabi/9.1.0/../../../../arm-none-eabi/lib/libsysbase.a(handle_manager.o)
 .data.__stdout_handle
                0x0000000003000bf4        0xc /opt/devkitpro/devkitARM/lib/gcc/arm-none-eabi/9.1.0/../../../../arm-none-eabi/lib/libsysbase.a(handle_manager.o)
 .data.handles  0x0000000003000c00     0x1000 /opt/devkitpro/devkitARM/lib/gcc/arm-none-eabi/9.1.0/../../../../arm-none-eabi/lib/libsysbase.a(handle_manager.o)
 .data.devoptab_list
                0x0000000003001c00       0x8c /opt/devkitpro/devkitARM/lib/gcc/arm-none-eabi/9.1.0/../../../../arm-none-eabi/lib/libsysbase.a(iosupport.o)
                0x0000000003001c00                devoptab_list
 *(.gnu.linkonce.d*)
                0x0000000003001c8c                . = ALIGN (0x4)
                0x000000000800cd64                __preinit_lma = (__data_lma + SIZEOF (.data))

.igot.plt       0x0000000003001c8c        0x0 load address 0x000000000800cd64
 .igot.plt      0x0000000003001c8c        0x0 /opt/devkitpro/devkitARM/lib/gcc/arm-none-eabi/9.1.0/../../../../arm-none-eabi/lib/gba_crt0.o

.tm_clone_table
                0x0000000003001c8c        0x0 load address 0x000000000800cd64
 .tm_clone_table
                0x0000000003001c8c        0x0 /opt/devkitpro/devkitARM/lib/gcc/arm-none-eabi/9.1.0/crtbegin.o
 .tm_clone_table
                0x0000000003001c8c        0x0 /opt/devkitpro/devkitARM/lib/gcc/arm-none-eabi/9.1.0/crtend.o

.preinit_array  0x0000000003001c8c        0x0 load address 0x000000000800cd64
                0x0000000003001c8c                __preinit_array_start = ABSOLUTE (.)
 *(.preinit_array)
                0x0000000003001c8c                __preinit_array_end = ABSOLUTE (.)
                0x000000000800cd64                __init_lma = (__preinit_lma + SIZEOF (.preinit_array))

.init_array     0x0000000003001c8c        0x4 load address 0x000000000800cd64
                0x0000000003001c8c                __init_array_start = ABSOLUTE (.)
 *(SORT_BY_NAME(.init_array.*))
 *(.init_array)
 .init_array    0x0000000003001c8c        0x4 /opt/devkitpro/devkitARM/lib/gcc/arm-none-eabi/9.1.0/crtbegin.o
                0x0000000003001c90                __init_array_end = ABSOLUTE (.)
                0x000000000800cd68                __fini_lma = (__init_lma + SIZEOF (.init_array))

.fini_array     0x0000000003001c90        0x4 load address 0x000000000800cd68
                0x0000000003001c90                __fini_array_start = ABSOLUTE (.)
 *(SORT_BY_NAME(.fini_array.*))
 *(.fini_array)
 .fini_array    0x0000000003001c90        0x4 /opt/devkitpro/devkitARM/lib/gcc/arm-none-eabi/9.1.0/crtbegin.o
                0x0000000003001c94                __fini_array_end = ABSOLUTE (.)
                0x000000000800cd6c                __jcr_lma = (__fini_lma + SIZEOF (.fini_array))

.jcr            0x0000000003001c94        0x0 load address 0x000000000800cd6c
 *(.jcr)
                0x0000000003001c94                __data_end__ = ABSOLUTE (.)
                0x000000000800cd6c                __iwram_overlay_lma = (__jcr_lma + SIZEOF (.jcr))
                0x0000000003001c94                __iwram_overlay_start = .

.iwram0         0x0000000003001c94        0x0 load address 0x000000000800cd6c
 *(.iwram0)
                0x0000000003001c94                . = ALIGN (0x4)
                0x000000000800cd6c                PROVIDE (__load_start_iwram0 = LOADADDR (.iwram0))
                0x000000000800cd6c                PROVIDE (__load_stop_iwram0 = (LOADADDR (.iwram0) + SIZEOF (.iwram0)))

.iwram1         0x0000000003001c94        0x0
 *(.iwram1)
                0x0000000003001c94                . = ALIGN (0x4)
                [!provide]                        PROVIDE (__load_start_iwram1 = LOADADDR (.iwram1))
                [!provide]                        PROVIDE (__load_stop_iwram1 = (LOADADDR (.iwram1) + SIZEOF (.iwram1)))

.iwram2         0x0000000003001c94        0x0
 *(.iwram2)
                0x0000000003001c94                . = ALIGN (0x4)
                [!provide]                        PROVIDE (__load_start_iwram2 = LOADADDR (.iwram2))
                [!provide]                        PROVIDE (__load_stop_iwram2 = (LOADADDR (.iwram2) + SIZEOF (.iwram2)))

.iwram3         0x0000000003001c94        0x0
 *(.iwram3)
                0x0000000003001c94                . = ALIGN (0x4)
                [!provide]                        PROVIDE (__load_start_iwram3 = LOADADDR (.iwram3))
                [!provide]                        PROVIDE (__load_stop_iwram3 = (LOADADDR (.iwram3) + SIZEOF (.iwram3)))

.iwram4         0x0000000003001c94        0x0
 *(.iwram4)
                0x0000000003001c94                . = ALIGN (0x4)
                [!provide]                        PROVIDE (__load_start_iwram4 = LOADADDR (.iwram4))
                [!provide]                        PROVIDE (__load_stop_iwram4 = (LOADADDR (.iwram4) + SIZEOF (.iwram4)))

.iwram5         0x0000000003001c94        0x0
 *(.iwram5)
                0x0000000003001c94                . = ALIGN (0x4)
                [!provide]                        PROVIDE (__load_start_iwram5 = LOADADDR (.iwram5))
                [!provide]                        PROVIDE (__load_stop_iwram5 = (LOADADDR (.iwram5) + SIZEOF (.iwram5)))

.iwram6         0x0000000003001c94        0x0
 *(.iwram6)
                0x0000000003001c94                . = ALIGN (0x4)
                [!provide]                        PROVIDE (__load_start_iwram6 = LOADADDR (.iwram6))
                [!provide]                        PROVIDE (__load_stop_iwram6 = (LOADADDR (.iwram6) + SIZEOF (.iwram6)))

.iwram7         0x0000000003001c94        0x0
 *(.iwram7)
                0x0000000003001c94                . = ALIGN (0x4)
                [!provide]                        PROVIDE (__load_start_iwram7 = LOADADDR (.iwram7))
                [!provide]                        PROVIDE (__load_stop_iwram7 = (LOADADDR (.iwram7) + SIZEOF (.iwram7)))

.iwram8         0x0000000003001c94        0x0
 *(.iwram8)
                0x0000000003001c94                . = ALIGN (0x4)
                [!provide]                        PROVIDE (__load_start_iwram8 = LOADADDR (.iwram8))
                [!provide]                        PROVIDE (__load_stop_iwram8 = (LOADADDR (.iwram8) + SIZEOF (.iwram8)))

.iwram9         0x0000000003001c94        0x0
 *(.iwram9)
                0x0000000003001c94                . = ALIGN (0x4)
                [!provide]                        PROVIDE (__load_start_iwram9 = LOADADDR (.iwram9))
                [!provide]                        PROVIDE (__load_stop_iwram9 = (LOADADDR (.iwram9) + SIZEOF (.iwram9)))
                0x0000000003001c94                __iwram_overlay_end = .
                0x000000000800cd6c                __ewram_lma = (__iwram_overlay_lma + (__iwram_overlay_end - __iwram_overlay_start))
                0x0000000003001c94                __iheap_start = .
                0x0000000002000000                __ewram_start = ORIGIN (ewram)

.ewram          0x0000000002000000        0x0 load address 0x000000000800cd6c
 *(.ewram)
                0x0000000002000000                . = ALIGN (0x4)
                0x0000000002000000                __ewram_end = ABSOLUTE (.)
                0x000000000800cd6c                __pad_lma = (__ewram_lma + SIZEOF (.ewram))

.sbss           0x0000000002000000        0x0
                0x0000000002000000                __sbss_start__ = ABSOLUTE (.)
 *(.sbss)
                0x0000000002000000                . = ALIGN (0x4)
                0x0000000002000000                __sbss_end__ = ABSOLUTE (.)
                0x0000000002000000                __end__ = ABSOLUTE (.)
                0x0000000002000000                __eheap_start = ABSOLUTE (.)

.pad            0x0000000002000000        0x8 load address 0x000000000800cd6c
                0x0000000002000000        0x4 LONG 0x52416b64
                0x0000000002000004        0x4 LONG 0x4d
                0x0000000002000008                . = ALIGN (0x4)
                0x000000000800cd74                __rom_end__ = (__pad_lma + SIZEOF (.pad))

.stab
 *(.stab)

.stabstr
 *(.stabstr)

.stab.excl
 *(.stab.excl)

.stab.exclstr
 *(.stab.exclstr)

.stab.index
 *(.stab.index)

.stab.indexstr
 *(.stab.indexstr)

.comment        0x0000000000000000       0x44
 *(.comment)
 .comment       0x0000000000000000       0x22 /opt/devkitpro/devkitARM/lib/gcc/arm-none-eabi/9.1.0/crtbegin.o
                                         0x23 (size before relaxing)
 .comment       0x0000000000000022       0x23 main.o
 .comment       0x0000000000000022       0x22 /opt/devkitpro/libgba/lib/libgba.a(interrupt.o)
                                         0x23 (size before relaxing)
 .comment       0x0000000000000044       0x23 /opt/devkitpro/devkitARM/lib/gcc/arm-none-eabi/9.1.0/../../../../arm-none-eabi/lib/libg.a(lib_a-init.o)
 .comment       0x0000000000000044       0x23 /opt/devkitpro/devkitARM/lib/gcc/arm-none-eabi/9.1.0/../../../../arm-none-eabi/lib/libg.a(lib_a-memset.o)
 .comment       0x0000000000000044       0x23 /opt/devkitpro/devkitARM/lib/gcc/arm-none-eabi/9.1.0/../../../../arm-none-eabi/lib/libg.a(lib_a-printf.o)
 .comment       0x0000000000000044       0x23 /opt/devkitpro/devkitARM/lib/gcc/arm-none-eabi/9.1.0/../../../../arm-none-eabi/lib/libg.a(lib_a-vfprintf.o)
 .comment       0x0000000000000044       0x23 /opt/devkitpro/devkitARM/lib/gcc/arm-none-eabi/9.1.0/../../../../arm-none-eabi/lib/libg.a(lib_a-wcrtomb.o)
 .comment       0x0000000000000044       0x23 /opt/devkitpro/devkitARM/lib/gcc/arm-none-eabi/9.1.0/../../../../arm-none-eabi/lib/libg.a(lib_a-wcsrtombs.o)
 .comment       0x0000000000000044       0x23 /opt/devkitpro/devkitARM/lib/gcc/arm-none-eabi/9.1.0/../../../../arm-none-eabi/lib/libg.a(lib_a-wsetup.o)
 .comment       0x0000000000000044       0x23 /opt/devkitpro/devkitARM/lib/gcc/arm-none-eabi/9.1.0/../../../../arm-none-eabi/lib/libg.a(lib_a-dtoa.o)
 .comment       0x0000000000000044       0x23 /opt/devkitpro/devkitARM/lib/gcc/arm-none-eabi/9.1.0/../../../../arm-none-eabi/lib/libg.a(lib_a-fflush.o)
 .comment       0x0000000000000044       0x23 /opt/devkitpro/devkitARM/lib/gcc/arm-none-eabi/9.1.0/../../../../arm-none-eabi/lib/libg.a(lib_a-findfp.o)
 .comment       0x0000000000000044       0x23 /opt/devkitpro/devkitARM/lib/gcc/arm-none-eabi/9.1.0/../../../../arm-none-eabi/lib/libg.a(lib_a-freer.o)
 .comment       0x0000000000000044       0x23 /opt/devkitpro/devkitARM/lib/gcc/arm-none-eabi/9.1.0/../../../../arm-none-eabi/lib/libg.a(lib_a-fwalk.o)
 .comment       0x0000000000000044       0x23 /opt/devkitpro/devkitARM/lib/gcc/arm-none-eabi/9.1.0/../../../../arm-none-eabi/lib/libg.a(lib_a-impure.o)
 .comment       0x0000000000000044       0x23 /opt/devkitpro/devkitARM/lib/gcc/arm-none-eabi/9.1.0/../../../../arm-none-eabi/lib/libg.a(lib_a-localeconv.o)
 .comment       0x0000000000000044       0x23 /opt/devkitpro/devkitARM/lib/gcc/arm-none-eabi/9.1.0/../../../../arm-none-eabi/lib/libg.a(lib_a-locale.o)
 .comment       0x0000000000000044       0x23 /opt/devkitpro/devkitARM/lib/gcc/arm-none-eabi/9.1.0/../../../../arm-none-eabi/lib/libg.a(lib_a-makebuf.o)
 .comment       0x0000000000000044       0x23 /opt/devkitpro/devkitARM/lib/gcc/arm-none-eabi/9.1.0/../../../../arm-none-eabi/lib/libg.a(lib_a-mallocr.o)
 .comment       0x0000000000000044       0x23 /opt/devkitpro/devkitARM/lib/gcc/arm-none-eabi/9.1.0/../../../../arm-none-eabi/lib/libg.a(lib_a-mbtowc_r.o)
 .comment       0x0000000000000044       0x23 /opt/devkitpro/devkitARM/lib/gcc/arm-none-eabi/9.1.0/../../../../arm-none-eabi/lib/libg.a(lib_a-memchr-stub.o)
 .comment       0x0000000000000044       0x23 /opt/devkitpro/devkitARM/lib/gcc/arm-none-eabi/9.1.0/../../../../arm-none-eabi/lib/libg.a(lib_a-memcpy-stub.o)
 .comment       0x0000000000000044       0x23 /opt/devkitpro/devkitARM/lib/gcc/arm-none-eabi/9.1.0/../../../../arm-none-eabi/lib/libg.a(lib_a-mlock.o)
 .comment       0x0000000000000044       0x23 /opt/devkitpro/devkitARM/lib/gcc/arm-none-eabi/9.1.0/../../../../arm-none-eabi/lib/libg.a(lib_a-mprec.o)
 .comment       0x0000000000000044       0x23 /opt/devkitpro/devkitARM/lib/gcc/arm-none-eabi/9.1.0/../../../../arm-none-eabi/lib/libg.a(lib_a-s_frexp.o)
 .comment       0x0000000000000044       0x23 /opt/devkitpro/devkitARM/lib/gcc/arm-none-eabi/9.1.0/../../../../arm-none-eabi/lib/libg.a(lib_a-stdio.o)
 .comment       0x0000000000000044       0x23 /opt/devkitpro/devkitARM/lib/gcc/arm-none-eabi/9.1.0/../../../../arm-none-eabi/lib/libg.a(lib_a-strlen-stub.o)
 .comment       0x0000000000000044       0x23 /opt/devkitpro/devkitARM/lib/gcc/arm-none-eabi/9.1.0/../../../../arm-none-eabi/lib/libg.a(lib_a-strncpy.o)
 .comment       0x0000000000000044       0x23 /opt/devkitpro/devkitARM/lib/gcc/arm-none-eabi/9.1.0/../../../../arm-none-eabi/lib/libg.a(lib_a-svfiprintf.o)
 .comment       0x0000000000000044       0x23 /opt/devkitpro/devkitARM/lib/gcc/arm-none-eabi/9.1.0/../../../../arm-none-eabi/lib/libg.a(lib_a-vfiprintf.o)
 .comment       0x0000000000000044       0x23 /opt/devkitpro/devkitARM/lib/gcc/arm-none-eabi/9.1.0/../../../../arm-none-eabi/lib/libg.a(lib_a-wcsnrtombs.o)
 .comment       0x0000000000000044       0x23 /opt/devkitpro/devkitARM/lib/gcc/arm-none-eabi/9.1.0/../../../../arm-none-eabi/lib/libg.a(lib_a-wctomb_r.o)
 .comment       0x0000000000000044       0x23 /opt/devkitpro/devkitARM/lib/gcc/arm-none-eabi/9.1.0/../../../../arm-none-eabi/lib/libg.a(lib_a-callocr.o)
 .comment       0x0000000000000044       0x23 /opt/devkitpro/devkitARM/lib/gcc/arm-none-eabi/9.1.0/../../../../arm-none-eabi/lib/libg.a(lib_a-ctype_.o)
 .comment       0x0000000000000044       0x23 /opt/devkitpro/devkitARM/lib/gcc/arm-none-eabi/9.1.0/../../../../arm-none-eabi/lib/libg.a(lib_a-fclose.o)
 .comment       0x0000000000000044       0x23 /opt/devkitpro/devkitARM/lib/gcc/arm-none-eabi/9.1.0/../../../../arm-none-eabi/lib/libg.a(lib_a-fvwrite.o)
 .comment       0x0000000000000044       0x23 /opt/devkitpro/devkitARM/lib/gcc/arm-none-eabi/9.1.0/../../../../arm-none-eabi/lib/libg.a(lib_a-memmove.o)
 .comment       0x0000000000000044       0x23 /opt/devkitpro/devkitARM/lib/gcc/arm-none-eabi/9.1.0/../../../../arm-none-eabi/lib/libg.a(lib_a-reallocr.o)
 .comment       0x0000000000000044       0x23 /opt/devkitpro/devkitARM/lib/gcc/arm-none-eabi/9.1.0/../../../../arm-none-eabi/lib/libsysbase.a(fstat.o)
 .comment       0x0000000000000044       0x23 /opt/devkitpro/devkitARM/lib/gcc/arm-none-eabi/9.1.0/../../../../arm-none-eabi/lib/libsysbase.a(isatty.o)
 .comment       0x0000000000000044       0x23 /opt/devkitpro/devkitARM/lib/gcc/arm-none-eabi/9.1.0/../../../../arm-none-eabi/lib/libsysbase.a(lseek.o)
 .comment       0x0000000000000044       0x23 /opt/devkitpro/devkitARM/lib/gcc/arm-none-eabi/9.1.0/../../../../arm-none-eabi/lib/libsysbase.a(read.o)
 .comment       0x0000000000000044       0x23 /opt/devkitpro/devkitARM/lib/gcc/arm-none-eabi/9.1.0/../../../../arm-none-eabi/lib/libsysbase.a(sbrk.o)
 .comment       0x0000000000000044       0x23 /opt/devkitpro/devkitARM/lib/gcc/arm-none-eabi/9.1.0/../../../../arm-none-eabi/lib/libsysbase.a(write.o)
 .comment       0x0000000000000044       0x23 /opt/devkitpro/devkitARM/lib/gcc/arm-none-eabi/9.1.0/../../../../arm-none-eabi/lib/libsysbase.a(malloc_vars.o)
 .comment       0x0000000000000044       0x23 /opt/devkitpro/devkitARM/lib/gcc/arm-none-eabi/9.1.0/../../../../arm-none-eabi/lib/libsysbase.a(flock.o)
 .comment       0x0000000000000044       0x23 /opt/devkitpro/devkitARM/lib/gcc/arm-none-eabi/9.1.0/../../../../arm-none-eabi/lib/libsysbase.a(syscall_support.o)
 .comment       0x0000000000000044       0x23 /opt/devkitpro/devkitARM/lib/gcc/arm-none-eabi/9.1.0/../../../../arm-none-eabi/lib/libsysbase.a(handle_manager.o)
 .comment       0x0000000000000044       0x23 /opt/devkitpro/devkitARM/lib/gcc/arm-none-eabi/9.1.0/../../../../arm-none-eabi/lib/libsysbase.a(getreent.o)
 .comment       0x0000000000000044       0x23 /opt/devkitpro/devkitARM/lib/gcc/arm-none-eabi/9.1.0/../../../../arm-none-eabi/lib/libsysbase.a(iosupport.o)
 .comment       0x0000000000000044       0x23 /opt/devkitpro/devkitARM/lib/gcc/arm-none-eabi/9.1.0/libgcc.a(_udivmoddi4.o)
 .comment       0x0000000000000044       0x23 /opt/devkitpro/devkitARM/lib/gcc/arm-none-eabi/9.1.0/../../../../arm-none-eabi/lib/libg.a(lib_a-malloc.o)
 .comment       0x0000000000000044       0x23 /opt/devkitpro/devkitARM/lib/gcc/arm-none-eabi/9.1.0/crtend.o

.debug
 *(.debug)

.line
 *(.line)

.debug_srcinfo
 *(.debug_srcinfo)

.debug_sfnames
 *(.debug_sfnames)

.debug_aranges  0x0000000000000000       0x60
 *(.debug_aranges)
 .debug_aranges
                0x0000000000000000       0x20 main.o
 .debug_aranges
                0x0000000000000020       0x20 /opt/devkitpro/libgba/lib/libgba.a(interrupt.o)
 .debug_aranges
                0x0000000000000040       0x20 /opt/devkitpro/libgba/lib/libgba.a(InterruptDispatcher.o)

.debug_pubnames
 *(.debug_pubnames)

.debug_info     0x0000000000000000      0x7b9
 *(.debug_info)
 .debug_info    0x0000000000000000      0x378 main.o
 .debug_info    0x0000000000000378      0x41b /opt/devkitpro/libgba/lib/libgba.a(interrupt.o)
 .debug_info    0x0000000000000793       0x26 /opt/devkitpro/libgba/lib/libgba.a(InterruptDispatcher.o)

.debug_abbrev   0x0000000000000000      0x3c9
 *(.debug_abbrev)
 .debug_abbrev  0x0000000000000000      0x1c7 main.o
 .debug_abbrev  0x00000000000001c7      0x1ee /opt/devkitpro/libgba/lib/libgba.a(interrupt.o)
 .debug_abbrev  0x00000000000003b5       0x14 /opt/devkitpro/libgba/lib/libgba.a(InterruptDispatcher.o)

.debug_line     0x0000000000000000      0x8d5
 *(.debug_line)
 .debug_line    0x0000000000000000      0x275 main.o
 .debug_line    0x0000000000000275      0x5ae /opt/devkitpro/libgba/lib/libgba.a(interrupt.o)
 .debug_line    0x0000000000000823       0xb2 /opt/devkitpro/libgba/lib/libgba.a(InterruptDispatcher.o)

.debug_frame    0x0000000000000000       0xe0
 *(.debug_frame)
 .debug_frame   0x0000000000000000       0x30 main.o
 .debug_frame   0x0000000000000030       0xb0 /opt/devkitpro/libgba/lib/libgba.a(interrupt.o)

.debug_str      0x0000000000000000      0x447
 *(.debug_str)
 .debug_str     0x0000000000000000      0x25c main.o
                                        0x2ae (size before relaxing)
 .debug_str     0x000000000000025c      0x18b /opt/devkitpro/libgba/lib/libgba.a(interrupt.o)
                                        0x310 (size before relaxing)
 .debug_str     0x00000000000003e7       0x60 /opt/devkitpro/libgba/lib/libgba.a(InterruptDispatcher.o)
                                         0xa0 (size before relaxing)

.debug_loc      0x0000000000000000      0x4e2
 *(.debug_loc)
 .debug_loc     0x0000000000000000       0x9c main.o
 .debug_loc     0x000000000000009c      0x446 /opt/devkitpro/libgba/lib/libgba.a(interrupt.o)

.debug_macinfo
 *(.debug_macinfo)

.debug_weaknames
 *(.debug_weaknames)

.debug_funcnames
 *(.debug_funcnames)

.debug_typenames
 *(.debug_typenames)

.debug_varnames
 *(.debug_varnames)

.stack          0x0000000000080000        0x0
                0x0000000000080000                _stack = .
 *(.stack)

.note.gnu.arm.ident
 *(.note.gnu.arm.ident)

.ARM.attributes
                0x0000000000000000       0x2c
 *(.ARM.attributes)
 .ARM.attributes
                0x0000000000000000       0x20 /opt/devkitpro/devkitARM/lib/gcc/arm-none-eabi/9.1.0/../../../../arm-none-eabi/lib/gba_crt0.o
 .ARM.attributes
                0x0000000000000020       0x1c /opt/devkitpro/devkitARM/lib/gcc/arm-none-eabi/9.1.0/crti.o
 .ARM.attributes
                0x000000000000003c       0x2a /opt/devkitpro/devkitARM/lib/gcc/arm-none-eabi/9.1.0/crtbegin.o
 .ARM.attributes
                0x0000000000000066       0x26 main.o
 .ARM.attributes
                0x000000000000008c       0x2a /opt/devkitpro/libgba/lib/libgba.a(interrupt.o)
 .ARM.attributes
                0x00000000000000b6       0x1a /opt/devkitpro/libgba/lib/libgba.a(InterruptDispatcher.o)
 .ARM.attributes
                0x00000000000000d0       0x2a /opt/devkitpro/devkitARM/lib/gcc/arm-none-eabi/9.1.0/../../../../arm-none-eabi/lib/libg.a(lib_a-init.o)
 .ARM.attributes
                0x00000000000000fa       0x2a /opt/devkitpro/devkitARM/lib/gcc/arm-none-eabi/9.1.0/../../../../arm-none-eabi/lib/libg.a(lib_a-memset.o)
 .ARM.attributes
                0x0000000000000124       0x2a /opt/devkitpro/devkitARM/lib/gcc/arm-none-eabi/9.1.0/../../../../arm-none-eabi/lib/libg.a(lib_a-printf.o)
 .ARM.attributes
                0x000000000000014e       0x2a /opt/devkitpro/devkitARM/lib/gcc/arm-none-eabi/9.1.0/../../../../arm-none-eabi/lib/libg.a(lib_a-vfprintf.o)
 .ARM.attributes
                0x0000000000000178       0x2a /opt/devkitpro/devkitARM/lib/gcc/arm-none-eabi/9.1.0/../../../../arm-none-eabi/lib/libg.a(lib_a-wcrtomb.o)
 .ARM.attributes
                0x00000000000001a2       0x2a /opt/devkitpro/devkitARM/lib/gcc/arm-none-eabi/9.1.0/../../../../arm-none-eabi/lib/libg.a(lib_a-wcsrtombs.o)
 .ARM.attributes
                0x00000000000001cc       0x2a /opt/devkitpro/devkitARM/lib/gcc/arm-none-eabi/9.1.0/../../../../arm-none-eabi/lib/libg.a(lib_a-wsetup.o)
 .ARM.attributes
                0x00000000000001f6       0x2a /opt/devkitpro/devkitARM/lib/gcc/arm-none-eabi/9.1.0/../../../../arm-none-eabi/lib/libg.a(lib_a-dtoa.o)
 .ARM.attributes
                0x0000000000000220       0x2a /opt/devkitpro/devkitARM/lib/gcc/arm-none-eabi/9.1.0/../../../../arm-none-eabi/lib/libg.a(lib_a-fflush.o)
 .ARM.attributes
                0x000000000000024a       0x2a /opt/devkitpro/devkitARM/lib/gcc/arm-none-eabi/9.1.0/../../../../arm-none-eabi/lib/libg.a(lib_a-findfp.o)
 .ARM.attributes
                0x0000000000000274       0x2a /opt/devkitpro/devkitARM/lib/gcc/arm-none-eabi/9.1.0/../../../../arm-none-eabi/lib/libg.a(lib_a-freer.o)
 .ARM.attributes
                0x000000000000029e       0x2a /opt/devkitpro/devkitARM/lib/gcc/arm-none-eabi/9.1.0/../../../../arm-none-eabi/lib/libg.a(lib_a-fwalk.o)
 .ARM.attributes
                0x00000000000002c8       0x30 /opt/devkitpro/devkitARM/lib/gcc/arm-none-eabi/9.1.0/../../../../arm-none-eabi/lib/libg.a(lib_a-impure.o)
 .ARM.attributes
                0x00000000000002f8       0x2a /opt/devkitpro/devkitARM/lib/gcc/arm-none-eabi/9.1.0/../../../../arm-none-eabi/lib/libg.a(lib_a-localeconv.o)
 .ARM.attributes
                0x0000000000000322       0x2a /opt/devkitpro/devkitARM/lib/gcc/arm-none-eabi/9.1.0/../../../../arm-none-eabi/lib/libg.a(lib_a-locale.o)
 .ARM.attributes
                0x000000000000034c       0x2a /opt/devkitpro/devkitARM/lib/gcc/arm-none-eabi/9.1.0/../../../../arm-none-eabi/lib/libg.a(lib_a-makebuf.o)
 .ARM.attributes
                0x0000000000000376       0x2a /opt/devkitpro/devkitARM/lib/gcc/arm-none-eabi/9.1.0/../../../../arm-none-eabi/lib/libg.a(lib_a-mallocr.o)
 .ARM.attributes
                0x00000000000003a0       0x2a /opt/devkitpro/devkitARM/lib/gcc/arm-none-eabi/9.1.0/../../../../arm-none-eabi/lib/libg.a(lib_a-mbtowc_r.o)
 .ARM.attributes
                0x00000000000003ca       0x2a /opt/devkitpro/devkitARM/lib/gcc/arm-none-eabi/9.1.0/../../../../arm-none-eabi/lib/libg.a(lib_a-memchr-stub.o)
 .ARM.attributes
                0x00000000000003f4       0x2a /opt/devkitpro/devkitARM/lib/gcc/arm-none-eabi/9.1.0/../../../../arm-none-eabi/lib/libg.a(lib_a-memcpy-stub.o)
 .ARM.attributes
                0x000000000000041e       0x2a /opt/devkitpro/devkitARM/lib/gcc/arm-none-eabi/9.1.0/../../../../arm-none-eabi/lib/libg.a(lib_a-mlock.o)
 .ARM.attributes
                0x0000000000000448       0x2a /opt/devkitpro/devkitARM/lib/gcc/arm-none-eabi/9.1.0/../../../../arm-none-eabi/lib/libg.a(lib_a-mprec.o)
 .ARM.attributes
                0x0000000000000472       0x2a /opt/devkitpro/devkitARM/lib/gcc/arm-none-eabi/9.1.0/../../../../arm-none-eabi/lib/libg.a(lib_a-s_frexp.o)
 .ARM.attributes
                0x000000000000049c       0x2a /opt/devkitpro/devkitARM/lib/gcc/arm-none-eabi/9.1.0/../../../../arm-none-eabi/lib/libg.a(lib_a-stdio.o)
 .ARM.attributes
                0x00000000000004c6       0x2a /opt/devkitpro/devkitARM/lib/gcc/arm-none-eabi/9.1.0/../../../../arm-none-eabi/lib/libg.a(lib_a-strcasecmp.o)
 .ARM.attributes
                0x00000000000004f0       0x2a /opt/devkitpro/devkitARM/lib/gcc/arm-none-eabi/9.1.0/../../../../arm-none-eabi/lib/libg.a(lib_a-strcat.o)
 .ARM.attributes
                0x000000000000051a       0x2a /opt/devkitpro/devkitARM/lib/gcc/arm-none-eabi/9.1.0/../../../../arm-none-eabi/lib/libg.a(lib_a-strchr.o)
 .ARM.attributes
                0x0000000000000544       0x1a /opt/devkitpro/devkitARM/lib/gcc/arm-none-eabi/9.1.0/../../../../arm-none-eabi/lib/libg.a(lib_a-strcmp.o)
 .ARM.attributes
                0x000000000000055e       0x2a /opt/devkitpro/devkitARM/lib/gcc/arm-none-eabi/9.1.0/../../../../arm-none-eabi/lib/libg.a(lib_a-strcpy.o)
 .ARM.attributes
                0x0000000000000588       0x2a /opt/devkitpro/devkitARM/lib/gcc/arm-none-eabi/9.1.0/../../../../arm-none-eabi/lib/libg.a(lib_a-strlcpy.o)
 .ARM.attributes
                0x00000000000005b2       0x2a /opt/devkitpro/devkitARM/lib/gcc/arm-none-eabi/9.1.0/../../../../arm-none-eabi/lib/libg.a(lib_a-strlen-stub.o)
 .ARM.attributes
                0x00000000000005dc       0x2a /opt/devkitpro/devkitARM/lib/gcc/arm-none-eabi/9.1.0/../../../../arm-none-eabi/lib/libg.a(lib_a-strncasecmp.o)
 .ARM.attributes
                0x0000000000000606       0x2a /opt/devkitpro/devkitARM/lib/gcc/arm-none-eabi/9.1.0/../../../../arm-none-eabi/lib/libg.a(lib_a-strncmp.o)
 .ARM.attributes
                0x0000000000000630       0x2a /opt/devkitpro/devkitARM/lib/gcc/arm-none-eabi/9.1.0/../../../../arm-none-eabi/lib/libg.a(lib_a-strncpy.o)
 .ARM.attributes
                0x000000000000065a       0x2a /opt/devkitpro/devkitARM/lib/gcc/arm-none-eabi/9.1.0/../../../../arm-none-eabi/lib/libg.a(lib_a-strtol.o)
 .ARM.attributes
                0x0000000000000684       0x2a /opt/devkitpro/devkitARM/lib/gcc/arm-none-eabi/9.1.0/../../../../arm-none-eabi/lib/libg.a(lib_a-svfiprintf.o)
 .ARM.attributes
                0x00000000000006ae       0x2a /opt/devkitpro/devkitARM/lib/gcc/arm-none-eabi/9.1.0/../../../../arm-none-eabi/lib/libg.a(lib_a-vfiprintf.o)
 .ARM.attributes
                0x00000000000006d8       0x2a /opt/devkitpro/devkitARM/lib/gcc/arm-none-eabi/9.1.0/../../../../arm-none-eabi/lib/libg.a(lib_a-wcsnrtombs.o)
 .ARM.attributes
                0x0000000000000702       0x2a /opt/devkitpro/devkitARM/lib/gcc/arm-none-eabi/9.1.0/../../../../arm-none-eabi/lib/libg.a(lib_a-wctomb_r.o)
 .ARM.attributes
                0x000000000000072c       0x2a /opt/devkitpro/devkitARM/lib/gcc/arm-none-eabi/9.1.0/../../../../arm-none-eabi/lib/libg.a(lib_a-callocr.o)
 .ARM.attributes
                0x0000000000000756       0x2a /opt/devkitpro/devkitARM/lib/gcc/arm-none-eabi/9.1.0/../../../../arm-none-eabi/lib/libg.a(lib_a-ctype_.o)
 .ARM.attributes
                0x0000000000000780       0x2a /opt/devkitpro/devkitARM/lib/gcc/arm-none-eabi/9.1.0/../../../../arm-none-eabi/lib/libg.a(lib_a-fclose.o)
 .ARM.attributes
                0x00000000000007aa       0x2a /opt/devkitpro/devkitARM/lib/gcc/arm-none-eabi/9.1.0/../../../../arm-none-eabi/lib/libg.a(lib_a-fvwrite.o)
 .ARM.attributes
                0x00000000000007d4       0x2a /opt/devkitpro/devkitARM/lib/gcc/arm-none-eabi/9.1.0/../../../../arm-none-eabi/lib/libg.a(lib_a-getenv_r.o)
 .ARM.attributes
                0x00000000000007fe       0x2a /opt/devkitpro/devkitARM/lib/gcc/arm-none-eabi/9.1.0/../../../../arm-none-eabi/lib/libg.a(lib_a-memmove.o)
 .ARM.attributes
                0x0000000000000828       0x2a /opt/devkitpro/devkitARM/lib/gcc/arm-none-eabi/9.1.0/../../../../arm-none-eabi/lib/libg.a(lib_a-reallocr.o)
 .ARM.attributes
                0x0000000000000852       0x30 /opt/devkitpro/devkitARM/lib/gcc/arm-none-eabi/9.1.0/../../../../arm-none-eabi/lib/libg.a(lib_a-environ.o)
 .ARM.attributes
                0x0000000000000882       0x2a /opt/devkitpro/devkitARM/lib/gcc/arm-none-eabi/9.1.0/../../../../arm-none-eabi/lib/libg.a(lib_a-envlock.o)
 .ARM.attributes
                0x00000000000008ac       0x2a /opt/devkitpro/devkitARM/lib/gcc/arm-none-eabi/9.1.0/../../../../arm-none-eabi/lib/libsysbase.a(fstat.o)
 .ARM.attributes
                0x00000000000008d6       0x2a /opt/devkitpro/devkitARM/lib/gcc/arm-none-eabi/9.1.0/../../../../arm-none-eabi/lib/libsysbase.a(isatty.o)
 .ARM.attributes
                0x0000000000000900       0x2a /opt/devkitpro/devkitARM/lib/gcc/arm-none-eabi/9.1.0/../../../../arm-none-eabi/lib/libsysbase.a(lseek.o)
 .ARM.attributes
                0x000000000000092a       0x2a /opt/devkitpro/devkitARM/lib/gcc/arm-none-eabi/9.1.0/../../../../arm-none-eabi/lib/libsysbase.a(read.o)
 .ARM.attributes
                0x0000000000000954       0x2a /opt/devkitpro/devkitARM/lib/gcc/arm-none-eabi/9.1.0/../../../../arm-none-eabi/lib/libsysbase.a(sbrk.o)
 .ARM.attributes
                0x000000000000097e       0x2a /opt/devkitpro/devkitARM/lib/gcc/arm-none-eabi/9.1.0/../../../../arm-none-eabi/lib/libsysbase.a(write.o)
 .ARM.attributes
                0x00000000000009a8       0x30 /opt/devkitpro/devkitARM/lib/gcc/arm-none-eabi/9.1.0/../../../../arm-none-eabi/lib/libsysbase.a(malloc_vars.o)
 .ARM.attributes
                0x00000000000009d8       0x2a /opt/devkitpro/devkitARM/lib/gcc/arm-none-eabi/9.1.0/../../../../arm-none-eabi/lib/libsysbase.a(flock.o)
 .ARM.attributes
                0x0000000000000a02       0x2a /opt/devkitpro/devkitARM/lib/gcc/arm-none-eabi/9.1.0/../../../../arm-none-eabi/lib/libsysbase.a(syscall_support.o)
 .ARM.attributes
                0x0000000000000a2c       0x2a /opt/devkitpro/devkitARM/lib/gcc/arm-none-eabi/9.1.0/../../../../arm-none-eabi/lib/libsysbase.a(handle_manager.o)
 .ARM.attributes
                0x0000000000000a56       0x2a /opt/devkitpro/devkitARM/lib/gcc/arm-none-eabi/9.1.0/../../../../arm-none-eabi/lib/libsysbase.a(getreent.o)
 .ARM.attributes
                0x0000000000000a80       0x2a /opt/devkitpro/devkitARM/lib/gcc/arm-none-eabi/9.1.0/../../../../arm-none-eabi/lib/libsysbase.a(iosupport.o)
 .ARM.attributes
                0x0000000000000aaa       0x1c /opt/devkitpro/devkitARM/lib/gcc/arm-none-eabi/9.1.0/libgcc.a(_arm_muldf3.o)
 .ARM.attributes
                0x0000000000000ac6       0x1c /opt/devkitpro/devkitARM/lib/gcc/arm-none-eabi/9.1.0/libgcc.a(_udivsi3.o)
 .ARM.attributes
                0x0000000000000ae2       0x1c /opt/devkitpro/devkitARM/lib/gcc/arm-none-eabi/9.1.0/libgcc.a(_divsi3.o)
 .ARM.attributes
                0x0000000000000afe       0x1c /opt/devkitpro/devkitARM/lib/gcc/arm-none-eabi/9.1.0/libgcc.a(_dvmd_tls.o)
 .ARM.attributes
                0x0000000000000b1a       0x1c /opt/devkitpro/devkitARM/lib/gcc/arm-none-eabi/9.1.0/libgcc.a(_arm_addsubdf3.o)
 .ARM.attributes
                0x0000000000000b36       0x1c /opt/devkitpro/devkitARM/lib/gcc/arm-none-eabi/9.1.0/libgcc.a(_arm_muldivdf3.o)
 .ARM.attributes
                0x0000000000000b52       0x1c /opt/devkitpro/devkitARM/lib/gcc/arm-none-eabi/9.1.0/libgcc.a(_arm_cmpdf2.o)
 .ARM.attributes
                0x0000000000000b6e       0x1c /opt/devkitpro/devkitARM/lib/gcc/arm-none-eabi/9.1.0/libgcc.a(_arm_unorddf2.o)
 .ARM.attributes
                0x0000000000000b8a       0x1c /opt/devkitpro/devkitARM/lib/gcc/arm-none-eabi/9.1.0/libgcc.a(_arm_fixdfsi.o)
 .ARM.attributes
                0x0000000000000ba6       0x1c /opt/devkitpro/devkitARM/lib/gcc/arm-none-eabi/9.1.0/libgcc.a(_aeabi_uldivmod.o)
 .ARM.attributes
                0x0000000000000bc2       0x2a /opt/devkitpro/devkitARM/lib/gcc/arm-none-eabi/9.1.0/libgcc.a(_udivmoddi4.o)
 .ARM.attributes
                0x0000000000000bec       0x1c /opt/devkitpro/devkitARM/lib/gcc/arm-none-eabi/9.1.0/libgcc.a(_clzdi2.o)
 .ARM.attributes
                0x0000000000000c08       0x1c /opt/devkitpro/devkitARM/lib/gcc/arm-none-eabi/9.1.0/libgcc.a(_clzsi2.o)
 .ARM.attributes
                0x0000000000000c24       0x2a /opt/devkitpro/devkitARM/lib/gcc/arm-none-eabi/9.1.0/../../../../arm-none-eabi/lib/libg.a(lib_a-errno.o)
 .ARM.attributes
                0x0000000000000c4e       0x2a /opt/devkitpro/devkitARM/lib/gcc/arm-none-eabi/9.1.0/../../../../arm-none-eabi/lib/libg.a(lib_a-malloc.o)
 .ARM.attributes
                0x0000000000000c78       0x30 /opt/devkitpro/devkitARM/lib/gcc/arm-none-eabi/9.1.0/crtend.o
 .ARM.attributes
                0x0000000000000ca8       0x1c /opt/devkitpro/devkitARM/lib/gcc/arm-none-eabi/9.1.0/crtn.o

/DISCARD/
 *(.note.GNU-stack)
LOAD /opt/devkitpro/devkitARM/lib/gcc/arm-none-eabi/9.1.0/../../../../arm-none-eabi/lib/gba_crt0.o
LOAD /opt/devkitpro/devkitARM/lib/gcc/arm-none-eabi/9.1.0/crti.o
LOAD /opt/devkitpro/devkitARM/lib/gcc/arm-none-eabi/9.1.0/crtbegin.o
LOAD main.o
LOAD /opt/devkitpro/libgba/lib/libgba.a
START GROUP
LOAD /opt/devkitpro/devkitARM/lib/gcc/arm-none-eabi/9.1.0/libgcc.a
LOAD /opt/devkitpro/devkitARM/lib/gcc/arm-none-eabi/9.1.0/../../../../arm-none-eabi/lib/libg.a
LOAD /opt/devkitpro/devkitARM/lib/gcc/arm-none-eabi/9.1.0/../../../../arm-none-eabi/lib/libc.a
LOAD /opt/devkitpro/devkitARM/lib/gcc/arm-none-eabi/9.1.0/../../../../arm-none-eabi/lib/libsysbase.a
END GROUP
LOAD /opt/devkitpro/devkitARM/lib/gcc/arm-none-eabi/9.1.0/crtend.o
LOAD /opt/devkitpro/devkitARM/lib/gcc/arm-none-eabi/9.1.0/crtn.o
OUTPUT(/home/esat/Desktop/curso_lowlevel1/code/screen16/screen16.elf elf32-littlearm)

.debug_ranges   0x0000000000000000       0xe8
 .debug_ranges  0x0000000000000000       0x78 main.o
 .debug_ranges  0x0000000000000078       0x70 /opt/devkitpro/libgba/lib/libgba.a(interrupt.o)
